Script started on 2026-08-23 20:33:11+09:00 [COMMAND="python main_llada.py --model GSAI-ML/LLaDA-8B-Base --prune_method sparsegpt --sparsity_ratio 0.50 --sparsity_type unstructured --calib_dataset wikitext2 --nsamples 16 --seqlen 512 --seed 0 --skip_ppl --save_model /dev/shm/calibration-16x512-sparsegpt-50" TERM="dumb" TTY="/dev/pts/55" COLUMNS="80" LINES="24"]
torch 2.8.0+cu128
transformers 4.49.0
accelerate 0.34.2
# of gpus:  1
loading dllm model GSAI-ML/LLaDA-8B-Base
The model weights are not tied. Please use the `tie_weights` method before using the `infer_auto_device` function.
Loading checkpoint shards:   0%|                         | 0/6 [00:00<?, ?it/s]Loading checkpoint shards:  17%|██▊              | 1/6 [00:00<00:02,  2.48it/s]Loading checkpoint shards:  33%|█████▋           | 2/6 [00:00<00:01,  2.10it/s]Loading checkpoint shards:  50%|████████▌        | 3/6 [00:01<00:01,  2.02it/s]Loading checkpoint shards:  67%|███████████▎     | 4/6 [00:01<00:00,  2.03it/s]Loading checkpoint shards:  83%|██████████████▏  | 5/6 [00:02<00:00,  2.09it/s]Loading checkpoint shards: 100%|█████████████████| 6/6 [00:02<00:00,  2.23it/s]Loading checkpoint shards: 100%|█████████████████| 6/6 [00:02<00:00,  2.16it/s]
use device  cuda:0
pruning starts
Starting ...
Ready.
0 attn_out
Pruning ...
0 ff_out
Pruning ...
0 q_proj
Pruning ...
0 k_proj
Pruning ...
0 v_proj
Pruning ...
0 ff_proj
Pruning ...
0 up_proj
Pruning ...
1 attn_out
Pruning ...
1 ff_out
Pruning ...
1 q_proj
Pruning ...
1 k_proj
Pruning ...
1 v_proj
Pruning ...
1 ff_proj
Pruning ...
1 up_proj
Pruning ...
2 attn_out
Pruning ...
2 ff_out
Pruning ...
2 q_proj
Pruning ...
2 k_proj
Pruning ...
2 v_proj
Pruning ...
2 ff_proj
Pruning ...
2 up_proj
Pruning ...
3 attn_out
Pruning ...
3 ff_out
Pruning ...
3 q_proj
Pruning ...
3 k_proj
Pruning ...
3 v_proj
Pruning ...
3 ff_proj
Pruning ...
3 up_proj
Pruning ...
4 attn_out
Pruning ...
4 ff_out
Pruning ...
4 q_proj
Pruning ...
4 k_proj
Pruning ...
4 v_proj
Pruning ...
4 ff_proj
Pruning ...
4 up_proj
Pruning ...
5 attn_out
Pruning ...
5 ff_out
Pruning ...
5 q_proj
Pruning ...
5 k_proj
Pruning ...
5 v_proj
Pruning ...
5 ff_proj
Pruning ...
5 up_proj
Pruning ...
6 attn_out
Pruning ...
6 ff_out
Pruning ...
6 q_proj
Pruning ...
6 k_proj
Pruning ...
6 v_proj
Pruning ...
6 ff_proj
Pruning ...
6 up_proj
Pruning ...
7 attn_out
Pruning ...
7 ff_out
Pruning ...
7 q_proj
Pruning ...
7 k_proj
Pruning ...
7 v_proj
Pruning ...
7 ff_proj
Pruning ...
7 up_proj
Pruning ...
8 attn_out
Pruning ...
8 ff_out
Pruning ...
8 q_proj
Pruning ...
8 k_proj
Pruning ...
8 v_proj
Pruning ...
8 ff_proj
Pruning ...
8 up_proj
Pruning ...
9 attn_out
Pruning ...
9 ff_out
Pruning ...
9 q_proj
Pruning ...
9 k_proj
Pruning ...
9 v_proj
Pruning ...
9 ff_proj
Pruning ...
9 up_proj
Pruning ...
10 attn_out
Pruning ...
10 ff_out
Pruning ...
10 q_proj
Pruning ...
10 k_proj
Pruning ...
10 v_proj
Pruning ...
10 ff_proj
Pruning ...
10 up_proj
Pruning ...
11 attn_out
Pruning ...
11 ff_out
Pruning ...
11 q_proj
Pruning ...
11 k_proj
Pruning ...
11 v_proj
Pruning ...
11 ff_proj
Pruning ...
11 up_proj
Pruning ...
12 attn_out
Pruning ...
12 ff_out
Pruning ...
12 q_proj
Pruning ...
12 k_proj
Pruning ...
12 v_proj
Pruning ...
12 ff_proj
Pruning ...
12 up_proj
Pruning ...
13 attn_out
Pruning ...
13 ff_out
Pruning ...
13 q_proj
Pruning ...
13 k_proj
Pruning ...
13 v_proj
Pruning ...
13 ff_proj
Pruning ...
13 up_proj
Pruning ...
14 attn_out
Pruning ...
14 ff_out
Pruning ...
14 q_proj
Pruning ...
14 k_proj
Pruning ...
14 v_proj
Pruning ...
14 ff_proj
Pruning ...
14 up_proj
Pruning ...
15 attn_out
Pruning ...
15 ff_out
Pruning ...
15 q_proj
Pruning ...
15 k_proj
Pruning ...
15 v_proj
Pruning ...
15 ff_proj
Pruning ...
15 up_proj
Pruning ...
16 attn_out
Pruning ...
16 ff_out
Pruning ...
16 q_proj
Pruning ...
16 k_proj
Pruning ...
16 v_proj
Pruning ...
16 ff_proj
Pruning ...
16 up_proj
Pruning ...
17 attn_out
Pruning ...
17 ff_out
Pruning ...
17 q_proj
Pruning ...
17 k_proj
Pruning ...
17 v_proj
Pruning ...
17 ff_proj
Pruning ...
17 up_proj
Pruning ...
18 attn_out
Pruning ...
18 ff_out
Pruning ...
18 q_proj
Pruning ...
18 k_proj
Pruning ...
18 v_proj
Pruning ...
18 ff_proj
Pruning ...
18 up_proj
Pruning ...
19 attn_out
Pruning ...
19 ff_out
Pruning ...
19 q_proj
Pruning ...
19 k_proj
Pruning ...
19 v_proj
Pruning ...
19 ff_proj
Pruning ...
19 up_proj
Pruning ...
20 attn_out
Pruning ...
20 ff_out
Pruning ...
20 q_proj
Pruning ...
20 k_proj
Pruning ...
20 v_proj
Pruning ...
20 ff_proj
Pruning ...
20 up_proj
Pruning ...
21 attn_out
Pruning ...
21 ff_out
Pruning ...
21 q_proj
Pruning ...
21 k_proj
Pruning ...
21 v_proj
Pruning ...
21 ff_proj
Pruning ...
21 up_proj
Pruning ...
22 attn_out
Pruning ...
22 ff_out
Pruning ...
22 q_proj
Pruning ...
22 k_proj
Pruning ...
22 v_proj
Pruning ...
22 ff_proj
Pruning ...
22 up_proj
Pruning ...
23 attn_out
Pruning ...
23 ff_out
Pruning ...
23 q_proj
Pruning ...
23 k_proj
Pruning ...
23 v_proj
Pruning ...
23 ff_proj
Pruning ...
23 up_proj
Pruning ...
24 attn_out
Pruning ...
24 ff_out
Pruning ...
24 q_proj
Pruning ...
24 k_proj
Pruning ...
24 v_proj
Pruning ...
24 ff_proj
Pruning ...
24 up_proj
Pruning ...
25 attn_out
Pruning ...
25 ff_out
Pruning ...
25 q_proj
Pruning ...
25 k_proj
Pruning ...
25 v_proj
Pruning ...
25 ff_proj
Pruning ...
25 up_proj
Pruning ...
26 attn_out
Pruning ...
26 ff_out
Pruning ...
26 q_proj
Pruning ...
26 k_proj
Pruning ...
26 v_proj
Pruning ...
26 ff_proj
Pruning ...
26 up_proj
Pruning ...
27 attn_out
Pruning ...
27 ff_out
Pruning ...
27 q_proj
Pruning ...
27 k_proj
Pruning ...
27 v_proj
Pruning ...
27 ff_proj
Pruning ...
27 up_proj
Pruning ...
28 attn_out
Pruning ...
28 ff_out
Pruning ...
28 q_proj
Pruning ...
28 k_proj
Pruning ...
28 v_proj
Pruning ...
28 ff_proj
Pruning ...
28 up_proj
Pruning ...
29 attn_out
Pruning ...
29 ff_out
Pruning ...
29 q_proj
Pruning ...
29 k_proj
Pruning ...
29 v_proj
Pruning ...
29 ff_proj
Pruning ...
29 up_proj
Pruning ...
30 attn_out
Pruning ...
30 ff_out
Pruning ...
30 q_proj
Pruning ...
30 k_proj
Pruning ...
30 v_proj
Pruning ...
30 ff_proj
Pruning ...
30 up_proj
Pruning ...
31 attn_out
Pruning ...
31 ff_out
Pruning ...
31 q_proj
Pruning ...
31 k_proj
Pruning ...
31 v_proj
Pruning ...
31 ff_proj
Pruning ...
31 up_proj
Pruning ...
******************************
layer 0 sparsity 0.500002
layer 1 sparsity 0.500002
layer 2 sparsity 0.500002
layer 3 sparsity 0.500001
layer 4 sparsity 0.500002
layer 5 sparsity 0.500001
layer 6 sparsity 0.500002
layer 7 sparsity 0.500002
layer 8 sparsity 0.500002
layer 9 sparsity 0.500002
layer 10 sparsity 0.500002
layer 11 sparsity 0.500002
layer 12 sparsity 0.500001
layer 13 sparsity 0.500002
layer 14 sparsity 0.500001
layer 15 sparsity 0.500002
layer 16 sparsity 0.500002
layer 17 sparsity 0.500002
layer 18 sparsity 0.500002
layer 19 sparsity 0.500002
layer 20 sparsity 0.500001
layer 21 sparsity 0.500002
layer 22 sparsity 0.500001
layer 23 sparsity 0.500001
layer 24 sparsity 0.500001
layer 25 sparsity 0.500002
layer 26 sparsity 0.500001
layer 27 sparsity 0.500002
layer 28 sparsity 0.500001
layer 29 sparsity 0.500002
layer 30 sparsity 0.500002
layer 31 sparsity 0.500002
sparsity sanity check 0.5000
******************************
Copied extra LLaDA files to saved model: model/tp_linear.py, model/modeling_llada.py, model/configuration_dream.py, model/__init__.py, model/configuration_llada.py, model/modeling_dream.py, configuration_llada.py, modeling_llada.py

Script done on 2026-08-23 20:34:50+09:00 [COMMAND_EXIT_CODE="0"]
